// Vitest Snapshot v1, https://vitest.dev/guide/snapshot.html

exports[`register enums templater > registers enums 1`] = `
"

/////////////////////////////////////
// THIS FILE WAS AUTO GENERATED
// DO NOT EDIT THIS FILE DIRECTLY
/////////////////////////////////////


import { registerEnumType } from \\"@nestjs/graphql\\"; 
import { Tag,Category } from \\"./client-path\\";

export function registerEnums() {
  registerEnumType(Tag, {
    name: 'Tag',
  });registerEnumType(Category, {
    name: 'Category',
  });
}
"
`;
